2026-07-28 03:10:11.772: [INFO] OnDoneLoading sync enabled: 0
2026-07-28 03:10:24.410: [INFO] OnDoneLoading sync enabled: 0
2026-07-28 03:33:08.297: [INFO] OnDoneLoading sync enabled: 0
2026-07-28 05:29:03.350: [INFO] OnDoneLoading sync enabled: 0
2026-07-29 01:27:00.399: [INFO] OnDoneLoading sync enabled: 0
2026-07-30 00:15:03.437: [INFO] OnDoneLoading sync enabled: 0
2026-07-30 00:21:47.346: [INFO] OnDoneLoading sync enabled: 0
2026-07-30 00:37:18.209: [INFO] OnDoneLoading sync enabled: 0
2026-07-30 00:44:50.660: [INFO] OnDoneLoading sync enabled: 0
2026-07-30 07:10:27.215: [INFO] OnDoneLoading sync enabled: 0
2026-07-30 10:13:54.894: [INFO] OnDoneLoading sync enabled: 0
2026-07-30 10:18:49.987: [INFO] OnDoneLoading sync enabled: 0
2026-07-31 00:27:48.245: [INFO] OnDoneLoading sync enabled: 0
2026-07-31 01:10:26.520: [INFO] OnDoneLoading sync enabled: 0
2026-07-31 01:32:21.583: [INFO] OnDoneLoading sync enabled: 0
2026-07-31 01:33:35.491: [INFO] OnDoneLoading sync enabled: 0
2026-07-31 01:36:11.012: [INFO] OnDoneLoading sync enabled: 0
2026-07-31 01:36:14.561: [INFO] OnDoneLoading sync enabled: 0
2026-07-31 01:37:08.627: [INFO] OnDoneLoading sync enabled: 0
2026-07-31 01:37:51.257: [INFO] OnDoneLoading sync enabled: 0
2026-07-31 01:45:06.329: [INFO] OnDoneLoading sync enabled: 0
2026-07-31 05:21:19.619: [INFO] OnDoneLoading sync enabled: 0
2026-07-31 05:37:19.399: [INFO] OnDoneLoading sync enabled: 0
2026-07-31 05:47:53.786: [INFO] OnDoneLoading sync enabled: 0
2026-07-31 05:49:40.171: [INFO] OnDoneLoading sync enabled: 0
2026-07-31 05:52:33.649: [INFO] OnDoneLoading sync enabled: 0
2026-07-31 06:43:13.568: [INFO] OnDoneLoading sync enabled: 0
2026-07-31 08:56:29.304: [INFO] OnDoneLoading sync enabled: 0
2026-08-03 00:00:02.433: [INFO] OnDoneLoading sync enabled: 0
2026-08-03 00:41:01.285: [INFO] OnDoneLoading sync enabled: 0
2026-08-03 00:41:44.632: [INFO] OnDoneLoading sync enabled: 0
2026-08-03 07:33:18.583: [INFO] OnDoneLoading sync enabled: 0
2026-08-03 07:46:21.008: [INFO] OnDoneLoading sync enabled: 0
2026-08-03 09:49:56.062: [INFO] OnDoneLoading sync enabled: 0
2026-08-04 00:00:22.178: [INFO] OnDoneLoading sync enabled: 0
2026-08-04 02:10:40.807: [INFO] OnDoneLoading sync enabled: 0
2026-08-04 02:16:57.321: [INFO] OnDoneLoading sync enabled: 0
2026-08-04 03:00:58.520: [INFO] OnDoneLoading sync enabled: 0
2026-08-04 05:01:43.943: [INFO] OnDoneLoading sync enabled: 0
2026-08-04 05:12:57.041: [INFO] OnDoneLoading sync enabled: 0
2026-08-04 06:13:45.865: [INFO] OnDoneLoading sync enabled: 0
2026-08-04 06:15:17.598: [INFO] OnDoneLoading sync enabled: 0
2026-08-04 07:56:29.474: [INFO] OnDoneLoading sync enabled: 0
2026-08-04 08:02:39.079: [INFO] OnDoneLoading sync enabled: 0
2026-08-04 08:03:03.535: [INFO] OnDoneLoading sync enabled: 0
2026-08-04 08:04:13.223: [INFO] OnDoneLoading sync enabled: 0
2026-08-04 09:31:46.490: [INFO] OnDoneLoading sync enabled: 0
2026-08-05 00:19:35.266: [INFO] CurrentProfilePath: C:\Edu\Java\JavaWork\.metadata\.plugins\org.eclipse.swt\EBWebView\Default
2026-08-05 00:19:35.266: [INFO] Profiles total count: 1
2026-08-05 00:19:35.276: [INFO] Profile: name=프로필 1 path=C:\Edu\Java\JavaWork\.metadata\.plugins\org.eclipse.swt\EBWebView\Default lastActive=2026-08-04T02:10:19.337Z
2026-08-05 00:19:35.276: [INFO] LastUsedProfileDir: C:\Edu\Java\JavaWork\.metadata\.plugins\org.eclipse.swt\EBWebView\Default
2026-08-05 00:19:35.276: [INFO] MostRecentlyActiveProfile: name=프로필 1 path=C:\Edu\Java\JavaWork\.metadata\.plugins\org.eclipse.swt\EBWebView\Default lastActive=2026-08-04T02:10:19.337Z
2026-08-05 00:19:35.276: [INFO] OnDoneLoading sync enabled: 0
2026-08-05 00:19:35.276: [INFO] BookmarkModelLoaded, ids_reassigned: 0
2026-08-05 00:19:35.276: [INFO] BookmarksLoadDropped droppedNodes=0
2026-08-05 00:19:35.276: [INFO] BookmarksSnapshot Startup total=0 bar=0 other=0 mobile=0 showBar=0 showBarNTP=1
2026-08-05 06:44:06.652: [INFO] BookmarksSnapshot Shutdown total=0 bar=0 other=0 mobile=0 showBar=0 showBarNTP=1
2026-08-05 06:44:42.894: [INFO] CurrentProfilePath: C:\Edu\Java\JavaWork\.metadata\.plugins\org.eclipse.swt\EBWebView\Default
2026-08-05 06:44:42.894: [INFO] Profiles total count: 1
2026-08-05 06:44:42.894: [INFO] Profile: name=프로필 1 path=C:\Edu\Java\JavaWork\.metadata\.plugins\org.eclipse.swt\EBWebView\Default lastActive=2026-08-05T01:06:37.537Z
2026-08-05 06:44:42.894: [INFO] LastUsedProfileDir: C:\Edu\Java\JavaWork\.metadata\.plugins\org.eclipse.swt\EBWebView\Default
2026-08-05 06:44:42.894: [INFO] MostRecentlyActiveProfile: name=프로필 1 path=C:\Edu\Java\JavaWork\.metadata\.plugins\org.eclipse.swt\EBWebView\Default lastActive=2026-08-05T01:06:37.537Z
2026-08-05 06:44:42.894: [INFO] OnDoneLoading sync enabled: 0
2026-08-05 06:44:42.894: [INFO] BookmarkModelLoaded, ids_reassigned: 0
2026-08-05 06:44:42.894: [INFO] BookmarksLoadDropped droppedNodes=0
2026-08-05 06:44:42.894: [INFO] BookmarksSnapshot Startup total=0 bar=0 other=0 mobile=0 showBar=0 showBarNTP=1
2026-08-05 07:49:40.368: [INFO] BookmarksSnapshot Shutdown total=0 bar=0 other=0 mobile=0 showBar=0 showBarNTP=1
2026-08-05 07:50:16.840: [INFO] CurrentProfilePath: C:\Edu\Java\JavaWork\.metadata\.plugins\org.eclipse.swt\EBWebView\Default
2026-08-05 07:50:16.840: [INFO] Profiles total count: 1
2026-08-05 07:50:16.841: [INFO] Profile: name=프로필 1 path=C:\Edu\Java\JavaWork\.metadata\.plugins\org.eclipse.swt\EBWebView\Default lastActive=2026-08-05T01:06:37.537Z
2026-08-05 07:50:16.841: [INFO] LastUsedProfileDir: C:\Edu\Java\JavaWork\.metadata\.plugins\org.eclipse.swt\EBWebView\Default
2026-08-05 07:50:16.841: [INFO] MostRecentlyActiveProfile: name=프로필 1 path=C:\Edu\Java\JavaWork\.metadata\.plugins\org.eclipse.swt\EBWebView\Default lastActive=2026-08-05T01:06:37.537Z
2026-08-05 07:50:16.841: [INFO] OnDoneLoading sync enabled: 0
2026-08-05 07:50:16.841: [INFO] BookmarkModelLoaded, ids_reassigned: 0
2026-08-05 07:50:16.841: [INFO] BookmarksLoadDropped droppedNodes=0
2026-08-05 07:50:16.841: [INFO] BookmarksSnapshot Startup total=0 bar=0 other=0 mobile=0 showBar=0 showBarNTP=1
2026-08-05 10:22:16.675: [INFO] BookmarksSnapshot Shutdown total=0 bar=0 other=0 mobile=0 showBar=0 showBarNTP=1
2026-08-06 00:03:06.718: [INFO] CurrentProfilePath: C:\Edu\Java\JavaWork\.metadata\.plugins\org.eclipse.swt\EBWebView\Default
2026-08-06 00:03:06.718: [INFO] Profiles total count: 1
2026-08-06 00:03:06.718: [INFO] Profile: name=프로필 1 path=C:\Edu\Java\JavaWork\.metadata\.plugins\org.eclipse.swt\EBWebView\Default lastActive=2026-08-05T08:59:28.246Z
2026-08-06 00:03:06.718: [INFO] LastUsedProfileDir: C:\Edu\Java\JavaWork\.metadata\.plugins\org.eclipse.swt\EBWebView\Default
2026-08-06 00:03:06.719: [INFO] MostRecentlyActiveProfile: name=프로필 1 path=C:\Edu\Java\JavaWork\.metadata\.plugins\org.eclipse.swt\EBWebView\Default lastActive=2026-08-05T08:59:28.246Z
2026-08-06 00:03:06.719: [INFO] OnDoneLoading sync enabled: 0
2026-08-06 00:03:06.719: [INFO] BookmarkModelLoaded, ids_reassigned: 0
2026-08-06 00:03:06.719: [INFO] BookmarksLoadDropped droppedNodes=0
2026-08-06 00:03:06.719: [INFO] BookmarksSnapshot Startup total=0 bar=0 other=0 mobile=0 showBar=0 showBarNTP=1
2026-08-06 00:38:19.996: [INFO] BookmarksSnapshot Shutdown total=0 bar=0 other=0 mobile=0 showBar=0 showBarNTP=1
2026-08-06 00:46:32.086: [INFO] CurrentProfilePath: C:\Edu\Java\JavaWork\.metadata\.plugins\org.eclipse.swt\EBWebView\Default
2026-08-06 00:46:32.086: [INFO] Profiles total count: 1
2026-08-06 00:46:32.086: [INFO] Profile: name=프로필 1 path=C:\Edu\Java\JavaWork\.metadata\.plugins\org.eclipse.swt\EBWebView\Default lastActive=2026-08-06T00:38:19.858Z
2026-08-06 00:46:32.086: [INFO] LastUsedProfileDir: C:\Edu\Java\JavaWork\.metadata\.plugins\org.eclipse.swt\EBWebView\Default
2026-08-06 00:46:32.086: [INFO] MostRecentlyActiveProfile: name=프로필 1 path=C:\Edu\Java\JavaWork\.metadata\.plugins\org.eclipse.swt\EBWebView\Default lastActive=2026-08-06T00:38:19.858Z
2026-08-06 00:46:32.086: [INFO] OnDoneLoading sync enabled: 0
2026-08-06 00:46:32.086: [INFO] BookmarkModelLoaded, ids_reassigned: 0
2026-08-06 00:46:32.086: [INFO] BookmarksLoadDropped droppedNodes=0
2026-08-06 00:46:32.086: [INFO] BookmarksSnapshot Startup total=0 bar=0 other=0 mobile=0 showBar=0 showBarNTP=1
2026-08-06 01:13:14.971: [INFO] BookmarksSnapshot Shutdown total=0 bar=0 other=0 mobile=0 showBar=0 showBarNTP=1
2026-08-06 01:14:00.600: [INFO] CurrentProfilePath: C:\Edu\Java\JavaWork\.metadata\.plugins\org.eclipse.swt\EBWebView\Default
2026-08-06 01:14:00.600: [INFO] Profiles total count: 1
2026-08-06 01:14:00.600: [INFO] Profile: name=프로필 1 path=C:\Edu\Java\JavaWork\.metadata\.plugins\org.eclipse.swt\EBWebView\Default lastActive=2026-08-06T00:38:19.858Z
2026-08-06 01:14:00.600: [INFO] LastUsedProfileDir: C:\Edu\Java\JavaWork\.metadata\.plugins\org.eclipse.swt\EBWebView\Default
2026-08-06 01:14:00.600: [INFO] MostRecentlyActiveProfile: name=프로필 1 path=C:\Edu\Java\JavaWork\.metadata\.plugins\org.eclipse.swt\EBWebView\Default lastActive=2026-08-06T00:38:19.858Z
2026-08-06 01:14:00.600: [INFO] OnDoneLoading sync enabled: 0
2026-08-06 01:14:00.600: [INFO] BookmarkModelLoaded, ids_reassigned: 0
2026-08-06 01:14:00.600: [INFO] BookmarksLoadDropped droppedNodes=0
2026-08-06 01:14:00.600: [INFO] BookmarksSnapshot Startup total=0 bar=0 other=0 mobile=0 showBar=0 showBarNTP=1
2026-08-06 10:25:40.324: [INFO] BookmarksSnapshot Shutdown total=0 bar=0 other=0 mobile=0 showBar=0 showBarNTP=1
2026-08-07 00:15:03.429: [INFO] CurrentProfilePath: C:\Edu\Java\JavaWork\.metadata\.plugins\org.eclipse.swt\EBWebView\Default
2026-08-07 00:15:03.429: [INFO] Profiles total count: 1
2026-08-07 00:15:03.430: [INFO] Profile: name=프로필 1 path=C:\Edu\Java\JavaWork\.metadata\.plugins\org.eclipse.swt\EBWebView\Default lastActive=2026-08-06T06:33:45.771Z
2026-08-07 00:15:03.430: [INFO] LastUsedProfileDir: C:\Edu\Java\JavaWork\.metadata\.plugins\org.eclipse.swt\EBWebView\Default
2026-08-07 00:15:03.430: [INFO] MostRecentlyActiveProfile: name=프로필 1 path=C:\Edu\Java\JavaWork\.metadata\.plugins\org.eclipse.swt\EBWebView\Default lastActive=2026-08-06T06:33:45.771Z
2026-08-07 00:15:03.430: [INFO] OnDoneLoading sync enabled: 0
2026-08-07 00:15:03.430: [INFO] BookmarkModelLoaded, ids_reassigned: 0
2026-08-07 00:15:03.430: [INFO] BookmarksLoadDropped droppedNodes=0
2026-08-07 00:15:03.430: [INFO] BookmarksSnapshot Startup total=0 bar=0 other=0 mobile=0 showBar=0 showBarNTP=1
2026-08-07 09:03:18.626: [INFO] BookmarksSnapshot Shutdown total=0 bar=0 other=0 mobile=0 showBar=0 showBarNTP=1
2026-08-07 09:04:25.991: [INFO] CurrentProfilePath: C:\Edu\Java\JavaWork\.metadata\.plugins\org.eclipse.swt\EBWebView\Default
2026-08-07 09:04:25.991: [INFO] Profiles total count: 1
2026-08-07 09:04:25.991: [INFO] Profile: name=프로필 1 path=C:\Edu\Java\JavaWork\.metadata\.plugins\org.eclipse.swt\EBWebView\Default lastActive=2026-08-07T09:02:35.677Z
2026-08-07 09:04:25.991: [INFO] LastUsedProfileDir: C:\Edu\Java\JavaWork\.metadata\.plugins\org.eclipse.swt\EBWebView\Default
2026-08-07 09:04:25.991: [INFO] MostRecentlyActiveProfile: name=프로필 1 path=C:\Edu\Java\JavaWork\.metadata\.plugins\org.eclipse.swt\EBWebView\Default lastActive=2026-08-07T09:02:35.677Z
2026-08-07 09:04:25.991: [INFO] OnDoneLoading sync enabled: 0
2026-08-07 09:04:25.991: [INFO] BookmarkModelLoaded, ids_reassigned: 0
2026-08-07 09:04:25.991: [INFO] BookmarksLoadDropped droppedNodes=0
2026-08-07 09:04:25.991: [INFO] BookmarksSnapshot Startup total=0 bar=0 other=0 mobile=0 showBar=0 showBarNTP=1
2026-08-07 09:36:05.845: [INFO] BookmarksSnapshot Shutdown total=0 bar=0 other=0 mobile=0 showBar=0 showBarNTP=1
2026-08-07 09:39:14.927: [INFO] CurrentProfilePath: C:\Edu\Java\JavaWork\.metadata\.plugins\org.eclipse.swt\EBWebView\Default
2026-08-07 09:39:14.927: [INFO] Profiles total count: 1
2026-08-07 09:39:14.928: [INFO] Profile: name=프로필 1 path=C:\Edu\Java\JavaWork\.metadata\.plugins\org.eclipse.swt\EBWebView\Default lastActive=2026-08-07T09:02:35.677Z
2026-08-07 09:39:14.928: [INFO] LastUsedProfileDir: C:\Edu\Java\JavaWork\.metadata\.plugins\org.eclipse.swt\EBWebView\Default
2026-08-07 09:39:14.928: [INFO] MostRecentlyActiveProfile: name=프로필 1 path=C:\Edu\Java\JavaWork\.metadata\.plugins\org.eclipse.swt\EBWebView\Default lastActive=2026-08-07T09:02:35.677Z
2026-08-07 09:39:14.928: [INFO] OnDoneLoading sync enabled: 0
2026-08-07 09:39:14.928: [INFO] BookmarkModelLoaded, ids_reassigned: 0
2026-08-07 09:39:14.928: [INFO] BookmarksLoadDropped droppedNodes=0
2026-08-07 09:39:14.928: [INFO] BookmarksSnapshot Startup total=0 bar=0 other=0 mobile=0 showBar=0 showBarNTP=1
2026-08-07 10:02:09.733: [INFO] BookmarksSnapshot Shutdown total=0 bar=0 other=0 mobile=0 showBar=0 showBarNTP=1
2026-08-10 00:17:44.488: [INFO] CurrentProfilePath: C:\Edu\Java\JavaWork\.metadata\.plugins\org.eclipse.swt\EBWebView\Default
2026-08-10 00:17:44.488: [INFO] Profiles total count: 1
2026-08-10 00:17:44.489: [INFO] Profile: name=프로필 1 path=C:\Edu\Java\JavaWork\.metadata\.plugins\org.eclipse.swt\EBWebView\Default lastActive=2026-08-07T09:43:49.796Z
2026-08-10 00:17:44.489: [INFO] LastUsedProfileDir: C:\Edu\Java\JavaWork\.metadata\.plugins\org.eclipse.swt\EBWebView\Default
2026-08-10 00:17:44.489: [INFO] MostRecentlyActiveProfile: name=프로필 1 path=C:\Edu\Java\JavaWork\.metadata\.plugins\org.eclipse.swt\EBWebView\Default lastActive=2026-08-07T09:43:49.796Z
2026-08-10 00:17:44.489: [INFO] OnDoneLoading sync enabled: 0
2026-08-10 00:17:44.489: [INFO] BookmarkModelLoaded, ids_reassigned: 0
2026-08-10 00:17:44.489: [INFO] BookmarksLoadDropped droppedNodes=0
2026-08-10 00:17:44.489: [INFO] BookmarksSnapshot Startup total=0 bar=0 other=0 mobile=0 showBar=0 showBarNTP=1
2026-08-10 00:33:31.859: [INFO] BookmarksSnapshot Shutdown total=0 bar=0 other=0 mobile=0 showBar=0 showBarNTP=1
2026-08-10 01:39:10.681: [INFO] CurrentProfilePath: C:\Edu\Java\JavaWork\.metadata\.plugins\org.eclipse.swt\EBWebView\Default
2026-08-10 01:39:10.681: [INFO] Profiles total count: 1
2026-08-10 01:39:10.682: [INFO] Profile: name=프로필 1 path=C:\Edu\Java\JavaWork\.metadata\.plugins\org.eclipse.swt\EBWebView\Default lastActive=2026-08-10T00:33:29.583Z
2026-08-10 01:39:10.682: [INFO] LastUsedProfileDir: C:\Edu\Java\JavaWork\.metadata\.plugins\org.eclipse.swt\EBWebView\Default
2026-08-10 01:39:10.682: [INFO] MostRecentlyActiveProfile: name=프로필 1 path=C:\Edu\Java\JavaWork\.metadata\.plugins\org.eclipse.swt\EBWebView\Default lastActive=2026-08-10T00:33:29.583Z
2026-08-10 01:39:10.682: [INFO] OnDoneLoading sync enabled: 0
2026-08-10 01:39:10.682: [INFO] BookmarkModelLoaded, ids_reassigned: 0
2026-08-10 01:39:10.682: [INFO] BookmarksLoadDropped droppedNodes=0
2026-08-10 01:39:10.682: [INFO] BookmarksSnapshot Startup total=0 bar=0 other=0 mobile=0 showBar=0 showBarNTP=1
2026-08-10 01:45:08.665: [INFO] BookmarksSnapshot Shutdown total=0 bar=0 other=0 mobile=0 showBar=0 showBarNTP=1
2026-08-10 01:46:38.440: [INFO] CurrentProfilePath: C:\Edu\Java\JavaWork\.metadata\.plugins\org.eclipse.swt\EBWebView\Default
2026-08-10 01:46:38.440: [INFO] Profiles total count: 1
2026-08-10 01:46:38.440: [INFO] Profile: name=프로필 1 path=C:\Edu\Java\JavaWork\.metadata\.plugins\org.eclipse.swt\EBWebView\Default lastActive=2026-08-10T00:33:29.583Z
2026-08-10 01:46:38.440: [INFO] LastUsedProfileDir: C:\Edu\Java\JavaWork\.metadata\.plugins\org.eclipse.swt\EBWebView\Default
2026-08-10 01:46:38.441: [INFO] MostRecentlyActiveProfile: name=프로필 1 path=C:\Edu\Java\JavaWork\.metadata\.plugins\org.eclipse.swt\EBWebView\Default lastActive=2026-08-10T00:33:29.583Z
2026-08-10 01:46:38.441: [INFO] OnDoneLoading sync enabled: 0
2026-08-10 01:46:38.441: [INFO] BookmarkModelLoaded, ids_reassigned: 0
2026-08-10 01:46:38.441: [INFO] BookmarksLoadDropped droppedNodes=0
2026-08-10 01:46:38.441: [INFO] BookmarksSnapshot Startup total=0 bar=0 other=0 mobile=0 showBar=0 showBarNTP=1
2026-08-10 01:53:02.013: [INFO] BookmarksSnapshot Shutdown total=0 bar=0 other=0 mobile=0 showBar=0 showBarNTP=1
2026-08-10 01:53:15.944: [INFO] CurrentProfilePath: C:\Edu\Java\JavaWork\.metadata\.plugins\org.eclipse.swt\EBWebView\Default
2026-08-10 01:53:15.944: [INFO] Profiles total count: 1
2026-08-10 01:53:15.944: [INFO] Profile: name=프로필 1 path=C:\Edu\Java\JavaWork\.metadata\.plugins\org.eclipse.swt\EBWebView\Default lastActive=2026-08-10T00:33:29.583Z
2026-08-10 01:53:15.944: [INFO] LastUsedProfileDir: C:\Edu\Java\JavaWork\.metadata\.plugins\org.eclipse.swt\EBWebView\Default
2026-08-10 01:53:15.945: [INFO] MostRecentlyActiveProfile: name=프로필 1 path=C:\Edu\Java\JavaWork\.metadata\.plugins\org.eclipse.swt\EBWebView\Default lastActive=2026-08-10T00:33:29.583Z
2026-08-10 01:53:15.945: [INFO] OnDoneLoading sync enabled: 0
2026-08-10 01:53:15.945: [INFO] BookmarkModelLoaded, ids_reassigned: 0
2026-08-10 01:53:15.945: [INFO] BookmarksLoadDropped droppedNodes=0
2026-08-10 01:53:15.945: [INFO] BookmarksSnapshot Startup total=0 bar=0 other=0 mobile=0 showBar=0 showBarNTP=1
2026-08-10 01:56:29.167: [INFO] BookmarksSnapshot Shutdown total=0 bar=0 other=0 mobile=0 showBar=0 showBarNTP=1
2026-08-10 01:58:51.831: [INFO] CurrentProfilePath: C:\Edu\Java\JavaWork\.metadata\.plugins\org.eclipse.swt\EBWebView\Default
2026-08-10 01:58:51.831: [INFO] Profiles total count: 1
2026-08-10 01:58:51.832: [INFO] Profile: name=프로필 1 path=C:\Edu\Java\JavaWork\.metadata\.plugins\org.eclipse.swt\EBWebView\Default lastActive=2026-08-10T00:33:29.583Z
2026-08-10 01:58:51.832: [INFO] LastUsedProfileDir: C:\Edu\Java\JavaWork\.metadata\.plugins\org.eclipse.swt\EBWebView\Default
2026-08-10 01:58:51.832: [INFO] MostRecentlyActiveProfile: name=프로필 1 path=C:\Edu\Java\JavaWork\.metadata\.plugins\org.eclipse.swt\EBWebView\Default lastActive=2026-08-10T00:33:29.583Z
2026-08-10 01:58:51.832: [INFO] OnDoneLoading sync enabled: 0
2026-08-10 01:58:51.832: [INFO] BookmarkModelLoaded, ids_reassigned: 0
2026-08-10 01:58:51.832: [INFO] BookmarksLoadDropped droppedNodes=0
2026-08-10 01:58:51.832: [INFO] BookmarksSnapshot Startup total=0 bar=0 other=0 mobile=0 showBar=0 showBarNTP=1
2026-08-10 02:57:28.136: [INFO] BookmarksSnapshot Shutdown total=0 bar=0 other=0 mobile=0 showBar=0 showBarNTP=1
2026-08-10 03:21:04.516: [INFO] CurrentProfilePath: C:\Edu\Java\JavaWork\.metadata\.plugins\org.eclipse.swt\EBWebView\Default
2026-08-10 03:21:04.516: [INFO] Profiles total count: 1
2026-08-10 03:21:04.516: [INFO] Profile: name=프로필 1 path=C:\Edu\Java\JavaWork\.metadata\.plugins\org.eclipse.swt\EBWebView\Default lastActive=2026-08-10T00:33:29.583Z
2026-08-10 03:21:04.516: [INFO] LastUsedProfileDir: C:\Edu\Java\JavaWork\.metadata\.plugins\org.eclipse.swt\EBWebView\Default
2026-08-10 03:21:04.516: [INFO] MostRecentlyActiveProfile: name=프로필 1 path=C:\Edu\Java\JavaWork\.metadata\.plugins\org.eclipse.swt\EBWebView\Default lastActive=2026-08-10T00:33:29.583Z
2026-08-10 03:21:04.516: [INFO] OnDoneLoading sync enabled: 0
2026-08-10 03:21:04.516: [INFO] BookmarkModelLoaded, ids_reassigned: 0
2026-08-10 03:21:04.516: [INFO] BookmarksLoadDropped droppedNodes=0
2026-08-10 03:21:04.516: [INFO] BookmarksSnapshot Startup total=0 bar=0 other=0 mobile=0 showBar=0 showBarNTP=1
2026-08-10 05:38:53.748: [INFO] BookmarksSnapshot Shutdown total=0 bar=0 other=0 mobile=0 showBar=0 showBarNTP=1
2026-08-10 05:44:03.045: [INFO] CurrentProfilePath: C:\Edu\Java\JavaWork\.metadata\.plugins\org.eclipse.swt\EBWebView\Default
2026-08-10 05:44:03.045: [INFO] Profiles total count: 1
2026-08-10 05:44:03.045: [INFO] Profile: name=프로필 1 path=C:\Edu\Java\JavaWork\.metadata\.plugins\org.eclipse.swt\EBWebView\Default lastActive=2026-08-10T00:33:29.583Z
2026-08-10 05:44:03.045: [INFO] LastUsedProfileDir: C:\Edu\Java\JavaWork\.metadata\.plugins\org.eclipse.swt\EBWebView\Default
2026-08-10 05:44:03.046: [INFO] MostRecentlyActiveProfile: name=프로필 1 path=C:\Edu\Java\JavaWork\.metadata\.plugins\org.eclipse.swt\EBWebView\Default lastActive=2026-08-10T00:33:29.583Z
2026-08-10 05:44:03.046: [INFO] OnDoneLoading sync enabled: 0
2026-08-10 05:44:03.046: [INFO] BookmarkModelLoaded, ids_reassigned: 0
2026-08-10 05:44:03.046: [INFO] BookmarksLoadDropped droppedNodes=0
2026-08-10 05:44:03.046: [INFO] BookmarksSnapshot Startup total=0 bar=0 other=0 mobile=0 showBar=0 showBarNTP=1
2026-08-10 05:46:32.043: [INFO] BookmarksSnapshot Shutdown total=0 bar=0 other=0 mobile=0 showBar=0 showBarNTP=1
2026-08-10 05:48:52.208: [INFO] CurrentProfilePath: C:\Edu\Java\JavaWork\.metadata\.plugins\org.eclipse.swt\EBWebView\Default
2026-08-10 05:48:52.208: [INFO] Profiles total count: 1
2026-08-10 05:48:52.209: [INFO] Profile: name=프로필 1 path=C:\Edu\Java\JavaWork\.metadata\.plugins\org.eclipse.swt\EBWebView\Default lastActive=2026-08-10T00:33:29.583Z
2026-08-10 05:48:52.209: [INFO] LastUsedProfileDir: C:\Edu\Java\JavaWork\.metadata\.plugins\org.eclipse.swt\EBWebView\Default
2026-08-10 05:48:52.209: [INFO] MostRecentlyActiveProfile: name=프로필 1 path=C:\Edu\Java\JavaWork\.metadata\.plugins\org.eclipse.swt\EBWebView\Default lastActive=2026-08-10T00:33:29.583Z
2026-08-10 05:48:52.209: [INFO] OnDoneLoading sync enabled: 0
2026-08-10 05:48:52.209: [INFO] BookmarkModelLoaded, ids_reassigned: 0
2026-08-10 05:48:52.209: [INFO] BookmarksLoadDropped droppedNodes=0
2026-08-10 05:48:52.209: [INFO] BookmarksSnapshot Startup total=0 bar=0 other=0 mobile=0 showBar=0 showBarNTP=1
2026-08-10 05:48:59.193: [INFO] BookmarksSnapshot Shutdown total=0 bar=0 other=0 mobile=0 showBar=0 showBarNTP=1
2026-08-10 05:49:34.421: [INFO] CurrentProfilePath: C:\Edu\Java\JavaWork\.metadata\.plugins\org.eclipse.swt\EBWebView\Default
2026-08-10 05:49:34.421: [INFO] Profiles total count: 1
2026-08-10 05:49:34.421: [INFO] Profile: name=프로필 1 path=C:\Edu\Java\JavaWork\.metadata\.plugins\org.eclipse.swt\EBWebView\Default lastActive=2026-08-10T00:33:29.583Z
2026-08-10 05:49:34.421: [INFO] LastUsedProfileDir: C:\Edu\Java\JavaWork\.metadata\.plugins\org.eclipse.swt\EBWebView\Default
2026-08-10 05:49:34.421: [INFO] MostRecentlyActiveProfile: name=프로필 1 path=C:\Edu\Java\JavaWork\.metadata\.plugins\org.eclipse.swt\EBWebView\Default lastActive=2026-08-10T00:33:29.583Z
2026-08-10 05:49:34.421: [INFO] OnDoneLoading sync enabled: 0
2026-08-10 05:49:34.421: [INFO] BookmarkModelLoaded, ids_reassigned: 0
2026-08-10 05:49:34.421: [INFO] BookmarksLoadDropped droppedNodes=0
2026-08-10 05:49:34.421: [INFO] BookmarksSnapshot Startup total=0 bar=0 other=0 mobile=0 showBar=0 showBarNTP=1
2026-08-10 06:08:17.167: [INFO] BookmarksSnapshot Shutdown total=0 bar=0 other=0 mobile=0 showBar=0 showBarNTP=1
2026-08-10 06:08:41.568: [INFO] CurrentProfilePath: C:\Edu\Java\JavaWork\.metadata\.plugins\org.eclipse.swt\EBWebView\Default
2026-08-10 06:08:41.568: [INFO] Profiles total count: 1
2026-08-10 06:08:41.568: [INFO] Profile: name=프로필 1 path=C:\Edu\Java\JavaWork\.metadata\.plugins\org.eclipse.swt\EBWebView\Default lastActive=2026-08-10T00:33:29.583Z
2026-08-10 06:08:41.568: [INFO] LastUsedProfileDir: C:\Edu\Java\JavaWork\.metadata\.plugins\org.eclipse.swt\EBWebView\Default
2026-08-10 06:08:41.568: [INFO] MostRecentlyActiveProfile: name=프로필 1 path=C:\Edu\Java\JavaWork\.metadata\.plugins\org.eclipse.swt\EBWebView\Default lastActive=2026-08-10T00:33:29.583Z
2026-08-10 06:08:41.568: [INFO] OnDoneLoading sync enabled: 0
2026-08-10 06:08:41.568: [INFO] BookmarkModelLoaded, ids_reassigned: 0
2026-08-10 06:08:41.568: [INFO] BookmarksLoadDropped droppedNodes=0
2026-08-10 06:08:41.568: [INFO] BookmarksSnapshot Startup total=0 bar=0 other=0 mobile=0 showBar=0 showBarNTP=1
2026-08-10 06:10:28.224: [INFO] BookmarksSnapshot Shutdown total=0 bar=0 other=0 mobile=0 showBar=0 showBarNTP=1
2026-08-10 06:10:54.729: [INFO] CurrentProfilePath: C:\Edu\Java\JavaWork\.metadata\.plugins\org.eclipse.swt\EBWebView\Default
2026-08-10 06:10:54.729: [INFO] Profiles total count: 1
2026-08-10 06:10:54.730: [INFO] Profile: name=프로필 1 path=C:\Edu\Java\JavaWork\.metadata\.plugins\org.eclipse.swt\EBWebView\Default lastActive=2026-08-10T00:33:29.583Z
2026-08-10 06:10:54.730: [INFO] LastUsedProfileDir: C:\Edu\Java\JavaWork\.metadata\.plugins\org.eclipse.swt\EBWebView\Default
2026-08-10 06:10:54.730: [INFO] MostRecentlyActiveProfile: name=프로필 1 path=C:\Edu\Java\JavaWork\.metadata\.plugins\org.eclipse.swt\EBWebView\Default lastActive=2026-08-10T00:33:29.583Z
2026-08-10 06:10:54.730: [INFO] OnDoneLoading sync enabled: 0
2026-08-10 06:10:54.730: [INFO] BookmarkModelLoaded, ids_reassigned: 0
2026-08-10 06:10:54.730: [INFO] BookmarksLoadDropped droppedNodes=0
2026-08-10 06:10:54.730: [INFO] BookmarksSnapshot Startup total=0 bar=0 other=0 mobile=0 showBar=0 showBarNTP=1
2026-08-10 06:11:08.408: [INFO] BookmarksSnapshot Shutdown total=0 bar=0 other=0 mobile=0 showBar=0 showBarNTP=1
2026-08-10 06:12:23.712: [INFO] CurrentProfilePath: C:\Edu\Java\JavaWork\.metadata\.plugins\org.eclipse.swt\EBWebView\Default
2026-08-10 06:12:23.712: [INFO] Profiles total count: 1
2026-08-10 06:12:23.712: [INFO] Profile: name=프로필 1 path=C:\Edu\Java\JavaWork\.metadata\.plugins\org.eclipse.swt\EBWebView\Default lastActive=2026-08-10T00:33:29.583Z
2026-08-10 06:12:23.712: [INFO] LastUsedProfileDir: C:\Edu\Java\JavaWork\.metadata\.plugins\org.eclipse.swt\EBWebView\Default
2026-08-10 06:12:23.712: [INFO] MostRecentlyActiveProfile: name=프로필 1 path=C:\Edu\Java\JavaWork\.metadata\.plugins\org.eclipse.swt\EBWebView\Default lastActive=2026-08-10T00:33:29.583Z
2026-08-10 06:12:23.712: [INFO] OnDoneLoading sync enabled: 0
2026-08-10 06:12:23.712: [INFO] BookmarkModelLoaded, ids_reassigned: 0
2026-08-10 06:12:23.712: [INFO] BookmarksLoadDropped droppedNodes=0
2026-08-10 06:12:23.712: [INFO] BookmarksSnapshot Startup total=0 bar=0 other=0 mobile=0 showBar=0 showBarNTP=1
2026-08-10 06:16:27.336: [INFO] BookmarksSnapshot Shutdown total=0 bar=0 other=0 mobile=0 showBar=0 showBarNTP=1
2026-08-10 06:17:57.803: [INFO] CurrentProfilePath: C:\Edu\Java\JavaWork\.metadata\.plugins\org.eclipse.swt\EBWebView\Default
2026-08-10 06:17:57.803: [INFO] Profiles total count: 1
2026-08-10 06:17:57.804: [INFO] Profile: name=프로필 1 path=C:\Edu\Java\JavaWork\.metadata\.plugins\org.eclipse.swt\EBWebView\Default lastActive=2026-08-10T00:33:29.583Z
2026-08-10 06:17:57.804: [INFO] LastUsedProfileDir: C:\Edu\Java\JavaWork\.metadata\.plugins\org.eclipse.swt\EBWebView\Default
2026-08-10 06:17:57.804: [INFO] MostRecentlyActiveProfile: name=프로필 1 path=C:\Edu\Java\JavaWork\.metadata\.plugins\org.eclipse.swt\EBWebView\Default lastActive=2026-08-10T00:33:29.583Z
2026-08-10 06:17:57.804: [INFO] OnDoneLoading sync enabled: 0
2026-08-10 06:17:57.804: [INFO] BookmarkModelLoaded, ids_reassigned: 0
2026-08-10 06:17:57.804: [INFO] BookmarksLoadDropped droppedNodes=0
2026-08-10 06:17:57.804: [INFO] BookmarksSnapshot Startup total=0 bar=0 other=0 mobile=0 showBar=0 showBarNTP=1
2026-08-10 06:18:15.964: [INFO] BookmarksSnapshot Shutdown total=0 bar=0 other=0 mobile=0 showBar=0 showBarNTP=1
2026-08-10 06:27:45.709: [INFO] CurrentProfilePath: C:\Edu\Java\JavaWork\.metadata\.plugins\org.eclipse.swt\EBWebView\Default
2026-08-10 06:27:45.709: [INFO] Profiles total count: 1
2026-08-10 06:27:45.710: [INFO] Profile: name=프로필 1 path=C:\Edu\Java\JavaWork\.metadata\.plugins\org.eclipse.swt\EBWebView\Default lastActive=2026-08-10T00:33:29.583Z
2026-08-10 06:27:45.710: [INFO] LastUsedProfileDir: C:\Edu\Java\JavaWork\.metadata\.plugins\org.eclipse.swt\EBWebView\Default
2026-08-10 06:27:45.710: [INFO] MostRecentlyActiveProfile: name=프로필 1 path=C:\Edu\Java\JavaWork\.metadata\.plugins\org.eclipse.swt\EBWebView\Default lastActive=2026-08-10T00:33:29.583Z
2026-08-10 06:27:45.710: [INFO] OnDoneLoading sync enabled: 0
2026-08-10 06:27:45.710: [INFO] BookmarkModelLoaded, ids_reassigned: 0
2026-08-10 06:27:45.710: [INFO] BookmarksLoadDropped droppedNodes=0
2026-08-10 06:27:45.710: [INFO] BookmarksSnapshot Startup total=0 bar=0 other=0 mobile=0 showBar=0 showBarNTP=1
2026-08-10 09:47:18.886: [INFO] BookmarksSnapshot Shutdown total=0 bar=0 other=0 mobile=0 showBar=0 showBarNTP=1
2026-08-11 00:15:19.941: [INFO] CurrentProfilePath: C:\Edu\Java\JavaWork\.metadata\.plugins\org.eclipse.swt\EBWebView\Default
2026-08-11 00:15:19.941: [INFO] Profiles total count: 1
2026-08-11 00:15:19.941: [INFO] Profile: name=프로필 1 path=C:\Edu\Java\JavaWork\.metadata\.plugins\org.eclipse.swt\EBWebView\Default lastActive=2026-08-10T00:33:29.583Z
2026-08-11 00:15:19.941: [INFO] LastUsedProfileDir: C:\Edu\Java\JavaWork\.metadata\.plugins\org.eclipse.swt\EBWebView\Default
2026-08-11 00:15:19.941: [INFO] MostRecentlyActiveProfile: name=프로필 1 path=C:\Edu\Java\JavaWork\.metadata\.plugins\org.eclipse.swt\EBWebView\Default lastActive=2026-08-10T00:33:29.583Z
2026-08-11 00:15:19.941: [INFO] OnDoneLoading sync enabled: 0
2026-08-11 00:15:19.941: [INFO] BookmarkModelLoaded, ids_reassigned: 0
2026-08-11 00:15:19.941: [INFO] BookmarksLoadDropped droppedNodes=0
2026-08-11 00:15:19.941: [INFO] BookmarksSnapshot Startup total=0 bar=0 other=0 mobile=0 showBar=0 showBarNTP=1
2026-08-11 09:27:07.056: [INFO] BookmarksSnapshot Shutdown total=0 bar=0 other=0 mobile=0 showBar=0 showBarNTP=1
2026-08-12 00:38:28.288: [INFO] CurrentProfilePath: C:\Edu\Java\JavaWork\.metadata\.plugins\org.eclipse.swt\EBWebView\Default
2026-08-12 00:38:28.288: [INFO] Profiles total count: 1
2026-08-12 00:38:28.288: [INFO] Profile: name=프로필 1 path=C:\Edu\Java\JavaWork\.metadata\.plugins\org.eclipse.swt\EBWebView\Default lastActive=2026-08-11T02:32:21.137Z
2026-08-12 00:38:28.288: [INFO] LastUsedProfileDir: C:\Edu\Java\JavaWork\.metadata\.plugins\org.eclipse.swt\EBWebView\Default
2026-08-12 00:38:28.288: [INFO] MostRecentlyActiveProfile: name=프로필 1 path=C:\Edu\Java\JavaWork\.metadata\.plugins\org.eclipse.swt\EBWebView\Default lastActive=2026-08-11T02:32:21.137Z
2026-08-12 00:38:28.288: [INFO] OnDoneLoading sync enabled: 0
2026-08-12 00:38:28.288: [INFO] BookmarkModelLoaded, ids_reassigned: 0
2026-08-12 00:38:28.288: [INFO] BookmarksLoadDropped droppedNodes=0
2026-08-12 00:38:28.288: [INFO] BookmarksSnapshot Startup total=0 bar=0 other=0 mobile=0 showBar=0 showBarNTP=1
2026-08-12 00:38:46.015: [INFO] BookmarksSnapshot Shutdown total=0 bar=0 other=0 mobile=0 showBar=0 showBarNTP=1
2026-08-12 01:42:59.466: [INFO] CurrentProfilePath: C:\Edu\Java\JavaWork\.metadata\.plugins\org.eclipse.swt\EBWebView\Default
2026-08-12 01:42:59.466: [INFO] Profiles total count: 1
2026-08-12 01:42:59.467: [INFO] Profile: name=프로필 1 path=C:\Edu\Java\JavaWork\.metadata\.plugins\org.eclipse.swt\EBWebView\Default lastActive=2026-08-11T02:32:21.137Z
2026-08-12 01:42:59.467: [INFO] LastUsedProfileDir: C:\Edu\Java\JavaWork\.metadata\.plugins\org.eclipse.swt\EBWebView\Default
2026-08-12 01:42:59.467: [INFO] MostRecentlyActiveProfile: name=프로필 1 path=C:\Edu\Java\JavaWork\.metadata\.plugins\org.eclipse.swt\EBWebView\Default lastActive=2026-08-11T02:32:21.137Z
2026-08-12 01:42:59.467: [INFO] OnDoneLoading sync enabled: 0
2026-08-12 01:42:59.467: [INFO] BookmarkModelLoaded, ids_reassigned: 0
2026-08-12 01:42:59.467: [INFO] BookmarksLoadDropped droppedNodes=0
2026-08-12 01:42:59.467: [INFO] BookmarksSnapshot Startup total=0 bar=0 other=0 mobile=0 showBar=0 showBarNTP=1
2026-08-12 01:43:46.019: [INFO] BookmarksSnapshot Shutdown total=0 bar=0 other=0 mobile=0 showBar=0 showBarNTP=1
2026-08-12 01:44:19.036: [INFO] CurrentProfilePath: C:\Edu\Java\JavaWork\.metadata\.plugins\org.eclipse.swt\EBWebView\Default
2026-08-12 01:44:19.036: [INFO] Profiles total count: 1
2026-08-12 01:44:19.037: [INFO] Profile: name=프로필 1 path=C:\Edu\Java\JavaWork\.metadata\.plugins\org.eclipse.swt\EBWebView\Default lastActive=2026-08-11T02:32:21.137Z
2026-08-12 01:44:19.037: [INFO] LastUsedProfileDir: C:\Edu\Java\JavaWork\.metadata\.plugins\org.eclipse.swt\EBWebView\Default
2026-08-12 01:44:19.037: [INFO] MostRecentlyActiveProfile: name=프로필 1 path=C:\Edu\Java\JavaWork\.metadata\.plugins\org.eclipse.swt\EBWebView\Default lastActive=2026-08-11T02:32:21.137Z
2026-08-12 01:44:19.037: [INFO] OnDoneLoading sync enabled: 0
2026-08-12 01:44:19.037: [INFO] BookmarkModelLoaded, ids_reassigned: 0
2026-08-12 01:44:19.037: [INFO] BookmarksLoadDropped droppedNodes=0
2026-08-12 01:44:19.037: [INFO] BookmarksSnapshot Startup total=0 bar=0 other=0 mobile=0 showBar=0 showBarNTP=1
2026-08-12 06:49:23.901: [INFO] BookmarksSnapshot Shutdown total=0 bar=0 other=0 mobile=0 showBar=0 showBarNTP=1
2026-08-12 06:50:11.073: [INFO] CurrentProfilePath: C:\Edu\Java\JavaWork\.metadata\.plugins\org.eclipse.swt\EBWebView\Default
2026-08-12 06:50:11.073: [INFO] Profiles total count: 1
2026-08-12 06:50:11.074: [INFO] Profile: name=프로필 1 path=C:\Edu\Java\JavaWork\.metadata\.plugins\org.eclipse.swt\EBWebView\Default lastActive=2026-08-12T06:35:51.745Z
2026-08-12 06:50:11.074: [INFO] LastUsedProfileDir: C:\Edu\Java\JavaWork\.metadata\.plugins\org.eclipse.swt\EBWebView\Default
2026-08-12 06:50:11.074: [INFO] MostRecentlyActiveProfile: name=프로필 1 path=C:\Edu\Java\JavaWork\.metadata\.plugins\org.eclipse.swt\EBWebView\Default lastActive=2026-08-12T06:35:51.745Z
2026-08-12 06:50:11.074: [INFO] OnDoneLoading sync enabled: 0
2026-08-12 06:50:11.074: [INFO] BookmarkModelLoaded, ids_reassigned: 0
2026-08-12 06:50:11.074: [INFO] BookmarksLoadDropped droppedNodes=0
2026-08-12 06:50:11.074: [INFO] BookmarksSnapshot Startup total=0 bar=0 other=0 mobile=0 showBar=0 showBarNTP=1
2026-08-12 07:02:08.180: [INFO] BookmarksSnapshot Shutdown total=0 bar=0 other=0 mobile=0 showBar=0 showBarNTP=1
2026-08-12 07:05:37.687: [INFO] CurrentProfilePath: C:\Edu\Java\JavaWork\.metadata\.plugins\org.eclipse.swt\EBWebView\Default
2026-08-12 07:05:37.687: [INFO] Profiles total count: 1
2026-08-12 07:05:37.688: [INFO] Profile: name=프로필 1 path=C:\Edu\Java\JavaWork\.metadata\.plugins\org.eclipse.swt\EBWebView\Default lastActive=2026-08-12T07:02:06.114Z
2026-08-12 07:05:37.688: [INFO] LastUsedProfileDir: C:\Edu\Java\JavaWork\.metadata\.plugins\org.eclipse.swt\EBWebView\Default
2026-08-12 07:05:37.688: [INFO] MostRecentlyActiveProfile: name=프로필 1 path=C:\Edu\Java\JavaWork\.metadata\.plugins\org.eclipse.swt\EBWebView\Default lastActive=2026-08-12T07:02:06.114Z
2026-08-12 07:05:37.688: [INFO] OnDoneLoading sync enabled: 0
2026-08-12 07:05:37.688: [INFO] BookmarkModelLoaded, ids_reassigned: 0
2026-08-12 07:05:37.688: [INFO] BookmarksLoadDropped droppedNodes=0
2026-08-12 07:05:37.688: [INFO] BookmarksSnapshot Startup total=0 bar=0 other=0 mobile=0 showBar=0 showBarNTP=1
2026-08-12 07:05:41.272: [INFO] BookmarksSnapshot Shutdown total=0 bar=0 other=0 mobile=0 showBar=0 showBarNTP=1
2026-08-12 07:06:10.943: [INFO] CurrentProfilePath: C:\Edu\Java\JavaWork\.metadata\.plugins\org.eclipse.swt\EBWebView\Default
2026-08-12 07:06:10.943: [INFO] Profiles total count: 1
2026-08-12 07:06:10.943: [INFO] Profile: name=프로필 1 path=C:\Edu\Java\JavaWork\.metadata\.plugins\org.eclipse.swt\EBWebView\Default lastActive=2026-08-12T07:02:06.114Z
2026-08-12 07:06:10.943: [INFO] LastUsedProfileDir: C:\Edu\Java\JavaWork\.metadata\.plugins\org.eclipse.swt\EBWebView\Default
2026-08-12 07:06:10.943: [INFO] MostRecentlyActiveProfile: name=프로필 1 path=C:\Edu\Java\JavaWork\.metadata\.plugins\org.eclipse.swt\EBWebView\Default lastActive=2026-08-12T07:02:06.114Z
2026-08-12 07:06:10.943: [INFO] OnDoneLoading sync enabled: 0
2026-08-12 07:06:10.943: [INFO] BookmarkModelLoaded, ids_reassigned: 0
2026-08-12 07:06:10.943: [INFO] BookmarksLoadDropped droppedNodes=0
2026-08-12 07:06:10.943: [INFO] BookmarksSnapshot Startup total=0 bar=0 other=0 mobile=0 showBar=0 showBarNTP=1
2026-08-12 07:06:16.235: [INFO] BookmarksSnapshot Shutdown total=0 bar=0 other=0 mobile=0 showBar=0 showBarNTP=1
2026-08-12 07:08:33.722: [INFO] CurrentProfilePath: C:\Edu\Java\JavaWork\.metadata\.plugins\org.eclipse.swt\EBWebView\Default
2026-08-12 07:08:33.722: [INFO] Profiles total count: 1
2026-08-12 07:08:33.723: [INFO] Profile: name=프로필 1 path=C:\Edu\Java\JavaWork\.metadata\.plugins\org.eclipse.swt\EBWebView\Default lastActive=2026-08-12T07:02:06.114Z
2026-08-12 07:08:33.723: [INFO] LastUsedProfileDir: C:\Edu\Java\JavaWork\.metadata\.plugins\org.eclipse.swt\EBWebView\Default
2026-08-12 07:08:33.723: [INFO] MostRecentlyActiveProfile: name=프로필 1 path=C:\Edu\Java\JavaWork\.metadata\.plugins\org.eclipse.swt\EBWebView\Default lastActive=2026-08-12T07:02:06.114Z
2026-08-12 07:08:33.723: [INFO] OnDoneLoading sync enabled: 0
2026-08-12 07:08:33.723: [INFO] BookmarkModelLoaded, ids_reassigned: 0
2026-08-12 07:08:33.723: [INFO] BookmarksLoadDropped droppedNodes=0
2026-08-12 07:08:33.723: [INFO] BookmarksSnapshot Startup total=0 bar=0 other=0 mobile=0 showBar=0 showBarNTP=1
2026-08-12 07:50:43.685: [INFO] BookmarksSnapshot Shutdown total=0 bar=0 other=0 mobile=0 showBar=0 showBarNTP=1
2026-08-12 08:00:00.237: [INFO] CurrentProfilePath: C:\Edu\Java\JavaWork\.metadata\.plugins\org.eclipse.swt\EBWebView\Default
2026-08-12 08:00:00.237: [INFO] Profiles total count: 1
2026-08-12 08:00:00.237: [INFO] Profile: name=프로필 1 path=C:\Edu\Java\JavaWork\.metadata\.plugins\org.eclipse.swt\EBWebView\Default lastActive=2026-08-12T07:02:06.114Z
2026-08-12 08:00:00.237: [INFO] LastUsedProfileDir: C:\Edu\Java\JavaWork\.metadata\.plugins\org.eclipse.swt\EBWebView\Default
2026-08-12 08:00:00.237: [INFO] MostRecentlyActiveProfile: name=프로필 1 path=C:\Edu\Java\JavaWork\.metadata\.plugins\org.eclipse.swt\EBWebView\Default lastActive=2026-08-12T07:02:06.114Z
2026-08-12 08:00:00.237: [INFO] OnDoneLoading sync enabled: 0
2026-08-12 08:00:00.238: [INFO] BookmarkModelLoaded, ids_reassigned: 0
2026-08-12 08:00:00.238: [INFO] BookmarksLoadDropped droppedNodes=0
2026-08-12 08:00:00.238: [INFO] BookmarksSnapshot Startup total=0 bar=0 other=0 mobile=0 showBar=0 showBarNTP=1
2026-08-12 08:00:11.667: [INFO] BookmarksSnapshot Shutdown total=0 bar=0 other=0 mobile=0 showBar=0 showBarNTP=1
2026-08-12 08:10:42.658: [INFO] CurrentProfilePath: C:\Edu\Java\JavaWork\.metadata\.plugins\org.eclipse.swt\EBWebView\Default
2026-08-12 08:10:42.658: [INFO] Profiles total count: 1
2026-08-12 08:10:42.658: [INFO] Profile: name=프로필 1 path=C:\Edu\Java\JavaWork\.metadata\.plugins\org.eclipse.swt\EBWebView\Default lastActive=2026-08-12T07:02:06.114Z
2026-08-12 08:10:42.658: [INFO] LastUsedProfileDir: C:\Edu\Java\JavaWork\.metadata\.plugins\org.eclipse.swt\EBWebView\Default
2026-08-12 08:10:42.658: [INFO] MostRecentlyActiveProfile: name=프로필 1 path=C:\Edu\Java\JavaWork\.metadata\.plugins\org.eclipse.swt\EBWebView\Default lastActive=2026-08-12T07:02:06.114Z
2026-08-12 08:10:42.658: [INFO] OnDoneLoading sync enabled: 0
2026-08-12 08:10:42.658: [INFO] BookmarkModelLoaded, ids_reassigned: 0
2026-08-12 08:10:42.658: [INFO] BookmarksLoadDropped droppedNodes=0
2026-08-12 08:10:42.658: [INFO] BookmarksSnapshot Startup total=0 bar=0 other=0 mobile=0 showBar=0 showBarNTP=1
2026-08-12 09:08:26.387: [INFO] BookmarksSnapshot Shutdown total=0 bar=0 other=0 mobile=0 showBar=0 showBarNTP=1
2026-08-13 03:07:12.589: [INFO] CurrentProfilePath: C:\Edu\Java\JavaWork\.metadata\.plugins\org.eclipse.swt\EBWebView\Default
2026-08-13 03:07:12.589: [INFO] Profiles total count: 1
2026-08-13 03:07:12.590: [INFO] Profile: name=프로필 1 path=C:\Edu\Java\JavaWork\.metadata\.plugins\org.eclipse.swt\EBWebView\Default lastActive=2026-08-12T07:02:06.114Z
2026-08-13 03:07:12.590: [INFO] LastUsedProfileDir: C:\Edu\Java\JavaWork\.metadata\.plugins\org.eclipse.swt\EBWebView\Default
2026-08-13 03:07:12.590: [INFO] MostRecentlyActiveProfile: name=프로필 1 path=C:\Edu\Java\JavaWork\.metadata\.plugins\org.eclipse.swt\EBWebView\Default lastActive=2026-08-12T07:02:06.114Z
2026-08-13 03:07:12.590: [INFO] OnDoneLoading sync enabled: 0
2026-08-13 03:07:12.590: [INFO] BookmarkModelLoaded, ids_reassigned: 0
2026-08-13 03:07:12.590: [INFO] BookmarksLoadDropped droppedNodes=0
2026-08-13 03:07:12.590: [INFO] BookmarksSnapshot Startup total=0 bar=0 other=0 mobile=0 showBar=0 showBarNTP=1
2026-08-13 05:31:36.366: [INFO] BookmarksSnapshot Shutdown total=0 bar=0 other=0 mobile=0 showBar=0 showBarNTP=1
2026-08-13 05:32:16.448: [INFO] CurrentProfilePath: C:\Edu\Java\JavaWork\.metadata\.plugins\org.eclipse.swt\EBWebView\Default
2026-08-13 05:32:16.448: [INFO] Profiles total count: 1
2026-08-13 05:32:16.449: [INFO] Profile: name=프로필 1 path=C:\Edu\Java\JavaWork\.metadata\.plugins\org.eclipse.swt\EBWebView\Default lastActive=2026-08-13T05:31:20.668Z
2026-08-13 05:32:16.449: [INFO] LastUsedProfileDir: C:\Edu\Java\JavaWork\.metadata\.plugins\org.eclipse.swt\EBWebView\Default
2026-08-13 05:32:16.449: [INFO] MostRecentlyActiveProfile: name=프로필 1 path=C:\Edu\Java\JavaWork\.metadata\.plugins\org.eclipse.swt\EBWebView\Default lastActive=2026-08-13T05:31:20.668Z
2026-08-13 05:32:16.449: [INFO] OnDoneLoading sync enabled: 0
2026-08-13 05:32:16.449: [INFO] BookmarkModelLoaded, ids_reassigned: 0
2026-08-13 05:32:16.449: [INFO] BookmarksLoadDropped droppedNodes=0
2026-08-13 05:32:16.449: [INFO] BookmarksSnapshot Startup total=0 bar=0 other=0 mobile=0 showBar=0 showBarNTP=1
2026-08-13 05:32:52.879: [INFO] BookmarksSnapshot Shutdown total=0 bar=0 other=0 mobile=0 showBar=0 showBarNTP=1
2026-08-13 05:33:56.235: [INFO] CurrentProfilePath: C:\Edu\Java\JavaWork\.metadata\.plugins\org.eclipse.swt\EBWebView\Default
2026-08-13 05:33:56.235: [INFO] Profiles total count: 1
2026-08-13 05:33:56.236: [INFO] Profile: name=프로필 1 path=C:\Edu\Java\JavaWork\.metadata\.plugins\org.eclipse.swt\EBWebView\Default lastActive=2026-08-13T05:32:50.945Z
2026-08-13 05:33:56.236: [INFO] LastUsedProfileDir: C:\Edu\Java\JavaWork\.metadata\.plugins\org.eclipse.swt\EBWebView\Default
2026-08-13 05:33:56.236: [INFO] MostRecentlyActiveProfile: name=프로필 1 path=C:\Edu\Java\JavaWork\.metadata\.plugins\org.eclipse.swt\EBWebView\Default lastActive=2026-08-13T05:32:50.945Z
2026-08-13 05:33:56.236: [INFO] OnDoneLoading sync enabled: 0
2026-08-13 05:33:56.236: [INFO] BookmarkModelLoaded, ids_reassigned: 0
2026-08-13 05:33:56.236: [INFO] BookmarksLoadDropped droppedNodes=0
2026-08-13 05:33:56.236: [INFO] BookmarksSnapshot Startup total=0 bar=0 other=0 mobile=0 showBar=0 showBarNTP=1
2026-08-13 05:34:00.352: [INFO] BookmarksSnapshot Shutdown total=0 bar=0 other=0 mobile=0 showBar=0 showBarNTP=1
2026-08-13 05:34:36.433: [INFO] CurrentProfilePath: C:\Edu\Java\JavaWork\.metadata\.plugins\org.eclipse.swt\EBWebView\Default
2026-08-13 05:34:36.433: [INFO] Profiles total count: 1
2026-08-13 05:34:36.434: [INFO] Profile: name=프로필 1 path=C:\Edu\Java\JavaWork\.metadata\.plugins\org.eclipse.swt\EBWebView\Default lastActive=2026-08-13T05:32:50.945Z
2026-08-13 05:34:36.434: [INFO] LastUsedProfileDir: C:\Edu\Java\JavaWork\.metadata\.plugins\org.eclipse.swt\EBWebView\Default
2026-08-13 05:34:36.434: [INFO] MostRecentlyActiveProfile: name=프로필 1 path=C:\Edu\Java\JavaWork\.metadata\.plugins\org.eclipse.swt\EBWebView\Default lastActive=2026-08-13T05:32:50.945Z
2026-08-13 05:34:36.434: [INFO] OnDoneLoading sync enabled: 0
2026-08-13 05:34:36.434: [INFO] BookmarkModelLoaded, ids_reassigned: 0
2026-08-13 05:34:36.434: [INFO] BookmarksLoadDropped droppedNodes=0
2026-08-13 05:34:36.434: [INFO] BookmarksSnapshot Startup total=0 bar=0 other=0 mobile=0 showBar=0 showBarNTP=1
2026-08-13 05:40:13.177: [INFO] BookmarksSnapshot Shutdown total=0 bar=0 other=0 mobile=0 showBar=0 showBarNTP=1
2026-08-13 05:41:37.928: [INFO] CurrentProfilePath: C:\Edu\Java\JavaWork\.metadata\.plugins\org.eclipse.swt\EBWebView\Default
2026-08-13 05:41:37.928: [INFO] Profiles total count: 1
2026-08-13 05:41:37.928: [INFO] Profile: name=프로필 1 path=C:\Edu\Java\JavaWork\.metadata\.plugins\org.eclipse.swt\EBWebView\Default lastActive=2026-08-13T05:32:50.945Z
2026-08-13 05:41:37.928: [INFO] LastUsedProfileDir: C:\Edu\Java\JavaWork\.metadata\.plugins\org.eclipse.swt\EBWebView\Default
2026-08-13 05:41:37.929: [INFO] MostRecentlyActiveProfile: name=프로필 1 path=C:\Edu\Java\JavaWork\.metadata\.plugins\org.eclipse.swt\EBWebView\Default lastActive=2026-08-13T05:32:50.945Z
2026-08-13 05:41:37.929: [INFO] OnDoneLoading sync enabled: 0
2026-08-13 05:41:37.929: [INFO] BookmarkModelLoaded, ids_reassigned: 0
2026-08-13 05:41:37.929: [INFO] BookmarksLoadDropped droppedNodes=0
2026-08-13 05:41:37.929: [INFO] BookmarksSnapshot Startup total=0 bar=0 other=0 mobile=0 showBar=0 showBarNTP=1
2026-08-13 05:48:47.207: [INFO] BookmarksSnapshot Shutdown total=0 bar=0 other=0 mobile=0 showBar=0 showBarNTP=1
2026-08-13 06:17:18.863: [INFO] CurrentProfilePath: C:\Edu\Java\JavaWork\.metadata\.plugins\org.eclipse.swt\EBWebView\Default
2026-08-13 06:17:18.863: [INFO] Profiles total count: 1
2026-08-13 06:17:18.863: [INFO] Profile: name=프로필 1 path=C:\Edu\Java\JavaWork\.metadata\.plugins\org.eclipse.swt\EBWebView\Default lastActive=2026-08-13T05:32:50.945Z
2026-08-13 06:17:18.863: [INFO] LastUsedProfileDir: C:\Edu\Java\JavaWork\.metadata\.plugins\org.eclipse.swt\EBWebView\Default
2026-08-13 06:17:18.863: [INFO] MostRecentlyActiveProfile: name=프로필 1 path=C:\Edu\Java\JavaWork\.metadata\.plugins\org.eclipse.swt\EBWebView\Default lastActive=2026-08-13T05:32:50.945Z
2026-08-13 06:17:18.863: [INFO] OnDoneLoading sync enabled: 0
2026-08-13 06:17:18.863: [INFO] BookmarkModelLoaded, ids_reassigned: 0
2026-08-13 06:17:18.863: [INFO] BookmarksLoadDropped droppedNodes=0
2026-08-13 06:17:18.863: [INFO] BookmarksSnapshot Startup total=0 bar=0 other=0 mobile=0 showBar=0 showBarNTP=1
2026-08-13 06:17:27.276: [INFO] BookmarksSnapshot Shutdown total=0 bar=0 other=0 mobile=0 showBar=0 showBarNTP=1
2026-08-13 06:19:52.596: [INFO] CurrentProfilePath: C:\Edu\Java\JavaWork\.metadata\.plugins\org.eclipse.swt\EBWebView\Default
2026-08-13 06:19:52.596: [INFO] Profiles total count: 1
2026-08-13 06:19:52.597: [INFO] Profile: name=프로필 1 path=C:\Edu\Java\JavaWork\.metadata\.plugins\org.eclipse.swt\EBWebView\Default lastActive=2026-08-13T05:32:50.945Z
2026-08-13 06:19:52.597: [INFO] LastUsedProfileDir: C:\Edu\Java\JavaWork\.metadata\.plugins\org.eclipse.swt\EBWebView\Default
2026-08-13 06:19:52.597: [INFO] MostRecentlyActiveProfile: name=프로필 1 path=C:\Edu\Java\JavaWork\.metadata\.plugins\org.eclipse.swt\EBWebView\Default lastActive=2026-08-13T05:32:50.945Z
2026-08-13 06:19:52.597: [INFO] OnDoneLoading sync enabled: 0
2026-08-13 06:19:52.597: [INFO] BookmarkModelLoaded, ids_reassigned: 0
2026-08-13 06:19:52.597: [INFO] BookmarksLoadDropped droppedNodes=0
2026-08-13 06:19:52.597: [INFO] BookmarksSnapshot Startup total=0 bar=0 other=0 mobile=0 showBar=0 showBarNTP=1
2026-08-13 07:20:13.176: [INFO] BookmarksSnapshot Shutdown total=0 bar=0 other=0 mobile=0 showBar=0 showBarNTP=1
2026-08-13 07:47:28.194: [INFO] CurrentProfilePath: C:\Edu\Java\JavaWork\.metadata\.plugins\org.eclipse.swt\EBWebView\Default
2026-08-13 07:47:28.194: [INFO] Profiles total count: 1
2026-08-13 07:47:28.194: [INFO] Profile: name=프로필 1 path=C:\Edu\Java\JavaWork\.metadata\.plugins\org.eclipse.swt\EBWebView\Default lastActive=2026-08-13T05:32:50.945Z
2026-08-13 07:47:28.194: [INFO] LastUsedProfileDir: C:\Edu\Java\JavaWork\.metadata\.plugins\org.eclipse.swt\EBWebView\Default
2026-08-13 07:47:28.194: [INFO] MostRecentlyActiveProfile: name=프로필 1 path=C:\Edu\Java\JavaWork\.metadata\.plugins\org.eclipse.swt\EBWebView\Default lastActive=2026-08-13T05:32:50.945Z
2026-08-13 07:47:28.194: [INFO] OnDoneLoading sync enabled: 0
2026-08-13 07:47:28.194: [INFO] BookmarkModelLoaded, ids_reassigned: 0
2026-08-13 07:47:28.194: [INFO] BookmarksLoadDropped droppedNodes=0
2026-08-13 07:47:28.194: [INFO] BookmarksSnapshot Startup total=0 bar=0 other=0 mobile=0 showBar=0 showBarNTP=1
2026-08-13 07:47:35.658: [INFO] BookmarksSnapshot Shutdown total=0 bar=0 other=0 mobile=0 showBar=0 showBarNTP=1
2026-08-13 07:56:22.465: [INFO] CurrentProfilePath: C:\Edu\Java\JavaWork\.metadata\.plugins\org.eclipse.swt\EBWebView\Default
2026-08-13 07:56:22.465: [INFO] Profiles total count: 1
2026-08-13 07:56:22.466: [INFO] Profile: name=프로필 1 path=C:\Edu\Java\JavaWork\.metadata\.plugins\org.eclipse.swt\EBWebView\Default lastActive=2026-08-13T05:32:50.945Z
2026-08-13 07:56:22.466: [INFO] LastUsedProfileDir: C:\Edu\Java\JavaWork\.metadata\.plugins\org.eclipse.swt\EBWebView\Default
2026-08-13 07:56:22.466: [INFO] MostRecentlyActiveProfile: name=프로필 1 path=C:\Edu\Java\JavaWork\.metadata\.plugins\org.eclipse.swt\EBWebView\Default lastActive=2026-08-13T05:32:50.945Z
2026-08-13 07:56:22.466: [INFO] OnDoneLoading sync enabled: 0
2026-08-13 07:56:22.466: [INFO] BookmarkModelLoaded, ids_reassigned: 0
2026-08-13 07:56:22.466: [INFO] BookmarksLoadDropped droppedNodes=0
2026-08-13 07:56:22.466: [INFO] BookmarksSnapshot Startup total=0 bar=0 other=0 mobile=0 showBar=0 showBarNTP=1
2026-08-13 08:55:45.618: [INFO] BookmarksSnapshot Shutdown total=0 bar=0 other=0 mobile=0 showBar=0 showBarNTP=1
2026-08-13 09:00:15.484: [INFO] CurrentProfilePath: C:\Edu\Java\JavaWork\.metadata\.plugins\org.eclipse.swt\EBWebView\Default
2026-08-13 09:00:15.484: [INFO] Profiles total count: 1
2026-08-13 09:00:15.485: [INFO] Profile: name=프로필 1 path=C:\Edu\Java\JavaWork\.metadata\.plugins\org.eclipse.swt\EBWebView\Default lastActive=2026-08-13T05:32:50.945Z
2026-08-13 09:00:15.485: [INFO] LastUsedProfileDir: C:\Edu\Java\JavaWork\.metadata\.plugins\org.eclipse.swt\EBWebView\Default
2026-08-13 09:00:15.485: [INFO] MostRecentlyActiveProfile: name=프로필 1 path=C:\Edu\Java\JavaWork\.metadata\.plugins\org.eclipse.swt\EBWebView\Default lastActive=2026-08-13T05:32:50.945Z
2026-08-13 09:00:15.485: [INFO] OnDoneLoading sync enabled: 0
2026-08-13 09:00:15.485: [INFO] BookmarkModelLoaded, ids_reassigned: 0
2026-08-13 09:00:15.485: [INFO] BookmarksLoadDropped droppedNodes=0
2026-08-13 09:00:15.485: [INFO] BookmarksSnapshot Startup total=0 bar=0 other=0 mobile=0 showBar=0 showBarNTP=1
2026-08-14 00:22:35.563: [INFO] CurrentProfilePath: C:\Edu\Java\JavaWork\.metadata\.plugins\org.eclipse.swt\EBWebView\Default
2026-08-14 00:22:35.563: [INFO] Profiles total count: 1
2026-08-14 00:22:35.564: [INFO] Profile: name=프로필 1 path=C:\Edu\Java\JavaWork\.metadata\.plugins\org.eclipse.swt\EBWebView\Default lastActive=2026-08-13T09:00:18.656Z
2026-08-14 00:22:35.564: [INFO] LastUsedProfileDir: C:\Edu\Java\JavaWork\.metadata\.plugins\org.eclipse.swt\EBWebView\Default
2026-08-14 00:22:35.564: [INFO] MostRecentlyActiveProfile: name=프로필 1 path=C:\Edu\Java\JavaWork\.metadata\.plugins\org.eclipse.swt\EBWebView\Default lastActive=2026-08-13T09:00:18.656Z
2026-08-14 00:22:35.564: [INFO] OnDoneLoading sync enabled: 0
2026-08-14 00:22:35.564: [INFO] BookmarkModelLoaded, ids_reassigned: 0
2026-08-14 00:22:35.564: [INFO] BookmarksLoadDropped droppedNodes=0
2026-08-14 00:22:35.564: [INFO] BookmarksSnapshot Startup total=0 bar=0 other=0 mobile=0 showBar=0 showBarNTP=1
2026-08-14 08:47:08.747: [INFO] BookmarksSnapshot Shutdown total=0 bar=0 other=0 mobile=0 showBar=0 showBarNTP=1
2026-08-18 00:16:05.280: [INFO] CurrentProfilePath: C:\Edu\Java\JavaWork\.metadata\.plugins\org.eclipse.swt\EBWebView\Default
2026-08-18 00:16:05.280: [INFO] Profiles total count: 1
2026-08-18 00:16:05.281: [INFO] Profile: name=프로필 1 path=C:\Edu\Java\JavaWork\.metadata\.plugins\org.eclipse.swt\EBWebView\Default lastActive=2026-08-14T08:31:43.244Z
2026-08-18 00:16:05.281: [INFO] LastUsedProfileDir: C:\Edu\Java\JavaWork\.metadata\.plugins\org.eclipse.swt\EBWebView\Default
2026-08-18 00:16:05.281: [INFO] MostRecentlyActiveProfile: name=프로필 1 path=C:\Edu\Java\JavaWork\.metadata\.plugins\org.eclipse.swt\EBWebView\Default lastActive=2026-08-14T08:31:43.244Z
2026-08-18 00:16:05.281: [INFO] OnDoneLoading sync enabled: 0
2026-08-18 00:16:05.281: [INFO] BookmarkModelLoaded, ids_reassigned: 0
2026-08-18 00:16:05.281: [INFO] BookmarksLoadDropped droppedNodes=0
2026-08-18 00:16:05.281: [INFO] BookmarksSnapshot Startup total=0 bar=0 other=0 mobile=0 showBar=0 showBarNTP=1
2026-08-18 00:39:20.788: [INFO] BookmarksSnapshot Shutdown total=0 bar=0 other=0 mobile=0 showBar=0 showBarNTP=1
2026-08-18 00:40:05.986: [INFO] CurrentProfilePath: C:\Edu\Java\JavaWork\.metadata\.plugins\org.eclipse.swt\EBWebView\Default
2026-08-18 00:40:05.986: [INFO] Profiles total count: 1
2026-08-18 00:40:05.987: [INFO] Profile: name=프로필 1 path=C:\Edu\Java\JavaWork\.metadata\.plugins\org.eclipse.swt\EBWebView\Default lastActive=2026-08-18T00:37:33.731Z
2026-08-18 00:40:05.987: [INFO] LastUsedProfileDir: C:\Edu\Java\JavaWork\.metadata\.plugins\org.eclipse.swt\EBWebView\Default
2026-08-18 00:40:05.987: [INFO] MostRecentlyActiveProfile: name=프로필 1 path=C:\Edu\Java\JavaWork\.metadata\.plugins\org.eclipse.swt\EBWebView\Default lastActive=2026-08-18T00:37:33.731Z
2026-08-18 00:40:05.987: [INFO] OnDoneLoading sync enabled: 0
2026-08-18 00:40:05.987: [INFO] BookmarkModelLoaded, ids_reassigned: 0
2026-08-18 00:40:05.987: [INFO] BookmarksLoadDropped droppedNodes=0
2026-08-18 00:40:05.987: [INFO] BookmarksSnapshot Startup total=0 bar=0 other=0 mobile=0 showBar=0 showBarNTP=1
2026-08-18 08:46:18.526: [INFO] BookmarksSnapshot Shutdown total=0 bar=0 other=0 mobile=0 showBar=0 showBarNTP=1
2026-08-20 03:29:20.590: [INFO] CurrentProfilePath: C:\Edu\Java\JavaWork\.metadata\.plugins\org.eclipse.swt\EBWebView\Default
2026-08-20 03:29:20.591: [INFO] Profiles total count: 1
2026-08-20 03:29:20.591: [INFO] Profile: name=프로필 1 path=C:\Edu\Java\JavaWork\.metadata\.plugins\org.eclipse.swt\EBWebView\Default lastActive=2026-08-18T03:24:53.047Z
2026-08-20 03:29:20.591: [INFO] LastUsedProfileDir: C:\Edu\Java\JavaWork\.metadata\.plugins\org.eclipse.swt\EBWebView\Default
2026-08-20 03:29:20.591: [INFO] MostRecentlyActiveProfile: name=프로필 1 path=C:\Edu\Java\JavaWork\.metadata\.plugins\org.eclipse.swt\EBWebView\Default lastActive=2026-08-18T03:24:53.047Z
2026-08-20 03:29:20.591: [INFO] OnDoneLoading sync enabled: 0
2026-08-20 03:29:20.591: [INFO] BookmarkModelLoaded, ids_reassigned: 0
2026-08-20 03:29:20.591: [INFO] BookmarksLoadDropped droppedNodes=0
2026-08-20 03:29:20.591: [INFO] BookmarksSnapshot Startup total=0 bar=0 other=0 mobile=0 showBar=0 showBarNTP=1
2026-08-20 06:10:14.262: [INFO] BookmarksSnapshot Shutdown total=0 bar=0 other=0 mobile=0 showBar=0 showBarNTP=1
2026-08-20 06:10:55.995: [INFO] CurrentProfilePath: C:\Edu\Java\JavaWork\.metadata\.plugins\org.eclipse.swt\EBWebView\Default
2026-08-20 06:10:55.995: [INFO] Profiles total count: 1
2026-08-20 06:10:55.995: [INFO] Profile: name=프로필 1 path=C:\Edu\Java\JavaWork\.metadata\.plugins\org.eclipse.swt\EBWebView\Default lastActive=2026-08-18T03:24:53.047Z
2026-08-20 06:10:55.995: [INFO] LastUsedProfileDir: C:\Edu\Java\JavaWork\.metadata\.plugins\org.eclipse.swt\EBWebView\Default
2026-08-20 06:10:55.996: [INFO] MostRecentlyActiveProfile: name=프로필 1 path=C:\Edu\Java\JavaWork\.metadata\.plugins\org.eclipse.swt\EBWebView\Default lastActive=2026-08-18T03:24:53.047Z
2026-08-20 06:10:55.996: [INFO] OnDoneLoading sync enabled: 0
2026-08-20 06:10:55.996: [INFO] BookmarkModelLoaded, ids_reassigned: 0
2026-08-20 06:10:55.996: [INFO] BookmarksLoadDropped droppedNodes=0
2026-08-20 06:10:55.996: [INFO] BookmarksSnapshot Startup total=0 bar=0 other=0 mobile=0 showBar=0 showBarNTP=1
2026-08-20 08:42:48.954: [INFO] BookmarksSnapshot Shutdown total=0 bar=0 other=0 mobile=0 showBar=0 showBarNTP=1
2026-08-20 08:45:19.067: [INFO] CurrentProfilePath: C:\Edu\Java\JavaWork\.metadata\.plugins\org.eclipse.swt\EBWebView\Default
2026-08-20 08:45:19.067: [INFO] Profiles total count: 1
2026-08-20 08:45:19.068: [INFO] Profile: name=프로필 1 path=C:\Edu\Java\JavaWork\.metadata\.plugins\org.eclipse.swt\EBWebView\Default lastActive=2026-08-20T06:11:00.384Z
2026-08-20 08:45:19.068: [INFO] LastUsedProfileDir: C:\Edu\Java\JavaWork\.metadata\.plugins\org.eclipse.swt\EBWebView\Default
2026-08-20 08:45:19.068: [INFO] MostRecentlyActiveProfile: name=프로필 1 path=C:\Edu\Java\JavaWork\.metadata\.plugins\org.eclipse.swt\EBWebView\Default lastActive=2026-08-20T06:11:00.384Z
2026-08-20 08:45:19.068: [INFO] OnDoneLoading sync enabled: 0
2026-08-20 08:45:19.068: [INFO] BookmarkModelLoaded, ids_reassigned: 0
2026-08-20 08:45:19.068: [INFO] BookmarksLoadDropped droppedNodes=0
2026-08-20 08:45:19.068: [INFO] BookmarksSnapshot Startup total=0 bar=0 other=0 mobile=0 showBar=0 showBarNTP=1
2026-08-21 00:24:22.584: [INFO] CurrentProfilePath: C:\Edu\Java\JavaWork\.metadata\.plugins\org.eclipse.swt\EBWebView\Default
2026-08-21 00:24:22.584: [INFO] Profiles total count: 1
2026-08-21 00:24:22.585: [INFO] Profile: name=프로필 1 path=C:\Edu\Java\JavaWork\.metadata\.plugins\org.eclipse.swt\EBWebView\Default lastActive=2026-08-20T10:09:58.088Z
2026-08-21 00:24:22.585: [INFO] LastUsedProfileDir: C:\Edu\Java\JavaWork\.metadata\.plugins\org.eclipse.swt\EBWebView\Default
2026-08-21 00:24:22.585: [INFO] MostRecentlyActiveProfile: name=프로필 1 path=C:\Edu\Java\JavaWork\.metadata\.plugins\org.eclipse.swt\EBWebView\Default lastActive=2026-08-20T10:09:58.088Z
2026-08-21 00:24:22.585: [INFO] OnDoneLoading sync enabled: 0
2026-08-21 00:24:22.585: [INFO] BookmarkModelLoaded, ids_reassigned: 0
2026-08-21 00:24:22.585: [INFO] BookmarksLoadDropped droppedNodes=0
2026-08-21 00:24:22.585: [INFO] BookmarksSnapshot Startup total=0 bar=0 other=0 mobile=0 showBar=0 showBarNTP=1
2026-08-21 00:24:47.405: [INFO] BookmarksSnapshot Shutdown total=0 bar=0 other=0 mobile=0 showBar=0 showBarNTP=1
2026-08-21 00:25:07.801: [INFO] CurrentProfilePath: C:\Edu\Java\JavaWork\.metadata\.plugins\org.eclipse.swt\EBWebView\Default
2026-08-21 00:25:07.801: [INFO] Profiles total count: 1
2026-08-21 00:25:07.801: [INFO] Profile: name=프로필 1 path=C:\Edu\Java\JavaWork\.metadata\.plugins\org.eclipse.swt\EBWebView\Default lastActive=2026-08-21T00:24:47.105Z
2026-08-21 00:25:07.801: [INFO] LastUsedProfileDir: C:\Edu\Java\JavaWork\.metadata\.plugins\org.eclipse.swt\EBWebView\Default
2026-08-21 00:25:07.801: [INFO] MostRecentlyActiveProfile: name=프로필 1 path=C:\Edu\Java\JavaWork\.metadata\.plugins\org.eclipse.swt\EBWebView\Default lastActive=2026-08-21T00:24:47.105Z
2026-08-21 00:25:07.801: [INFO] OnDoneLoading sync enabled: 0
2026-08-21 00:25:07.801: [INFO] BookmarkModelLoaded, ids_reassigned: 0
2026-08-21 00:25:07.801: [INFO] BookmarksLoadDropped droppedNodes=0
2026-08-21 00:25:07.801: [INFO] BookmarksSnapshot Startup total=0 bar=0 other=0 mobile=0 showBar=0 showBarNTP=1
2026-08-21 00:43:59.954: [INFO] BookmarksSnapshot Shutdown total=0 bar=0 other=0 mobile=0 showBar=0 showBarNTP=1
2026-08-21 00:49:01.361: [INFO] CurrentProfilePath: C:\Edu\Java\JavaWork\.metadata\.plugins\org.eclipse.swt\EBWebView\Default
2026-08-21 00:49:01.361: [INFO] Profiles total count: 1
2026-08-21 00:49:01.361: [INFO] Profile: name=프로필 1 path=C:\Edu\Java\JavaWork\.metadata\.plugins\org.eclipse.swt\EBWebView\Default lastActive=2026-08-21T00:24:47.105Z
2026-08-21 00:49:01.361: [INFO] LastUsedProfileDir: C:\Edu\Java\JavaWork\.metadata\.plugins\org.eclipse.swt\EBWebView\Default
2026-08-21 00:49:01.361: [INFO] MostRecentlyActiveProfile: name=프로필 1 path=C:\Edu\Java\JavaWork\.metadata\.plugins\org.eclipse.swt\EBWebView\Default lastActive=2026-08-21T00:24:47.105Z
2026-08-21 00:49:01.361: [INFO] OnDoneLoading sync enabled: 0
2026-08-21 00:49:01.361: [INFO] BookmarkModelLoaded, ids_reassigned: 0
2026-08-21 00:49:01.361: [INFO] BookmarksLoadDropped droppedNodes=0
2026-08-21 00:49:01.361: [INFO] BookmarksSnapshot Startup total=0 bar=0 other=0 mobile=0 showBar=0 showBarNTP=1
2026-08-21 02:06:34.925: [INFO] BookmarksSnapshot Shutdown total=0 bar=0 other=0 mobile=0 showBar=0 showBarNTP=1
2026-08-21 02:07:29.082: [INFO] CurrentProfilePath: C:\Edu\Java\JavaWork\.metadata\.plugins\org.eclipse.swt\EBWebView\Default
2026-08-21 02:07:29.082: [INFO] Profiles total count: 1
2026-08-21 02:07:29.083: [INFO] Profile: name=프로필 1 path=C:\Edu\Java\JavaWork\.metadata\.plugins\org.eclipse.swt\EBWebView\Default lastActive=2026-08-21T00:24:47.105Z
2026-08-21 02:07:29.083: [INFO] LastUsedProfileDir: C:\Edu\Java\JavaWork\.metadata\.plugins\org.eclipse.swt\EBWebView\Default
2026-08-21 02:07:29.083: [INFO] MostRecentlyActiveProfile: name=프로필 1 path=C:\Edu\Java\JavaWork\.metadata\.plugins\org.eclipse.swt\EBWebView\Default lastActive=2026-08-21T00:24:47.105Z
2026-08-21 02:07:29.083: [INFO] OnDoneLoading sync enabled: 0
2026-08-21 02:07:29.083: [INFO] BookmarkModelLoaded, ids_reassigned: 0
2026-08-21 02:07:29.083: [INFO] BookmarksLoadDropped droppedNodes=0
2026-08-21 02:07:29.083: [INFO] BookmarksSnapshot Startup total=0 bar=0 other=0 mobile=0 showBar=0 showBarNTP=1
2026-08-21 02:47:11.103: [INFO] BookmarksSnapshot Shutdown total=0 bar=0 other=0 mobile=0 showBar=0 showBarNTP=1
2026-08-21 02:51:02.676: [INFO] CurrentProfilePath: C:\Edu\Java\JavaWork\.metadata\.plugins\org.eclipse.swt\EBWebView\Default
2026-08-21 02:51:02.676: [INFO] Profiles total count: 1
2026-08-21 02:51:02.677: [INFO] Profile: name=프로필 1 path=C:\Edu\Java\JavaWork\.metadata\.plugins\org.eclipse.swt\EBWebView\Default lastActive=2026-08-21T00:24:47.105Z
2026-08-21 02:51:02.677: [INFO] LastUsedProfileDir: C:\Edu\Java\JavaWork\.metadata\.plugins\org.eclipse.swt\EBWebView\Default
2026-08-21 02:51:02.677: [INFO] MostRecentlyActiveProfile: name=프로필 1 path=C:\Edu\Java\JavaWork\.metadata\.plugins\org.eclipse.swt\EBWebView\Default lastActive=2026-08-21T00:24:47.105Z
2026-08-21 02:51:02.677: [INFO] OnDoneLoading sync enabled: 0
2026-08-21 02:51:02.677: [INFO] BookmarkModelLoaded, ids_reassigned: 0
2026-08-21 02:51:02.677: [INFO] BookmarksLoadDropped droppedNodes=0
2026-08-21 02:51:02.677: [INFO] BookmarksSnapshot Startup total=0 bar=0 other=0 mobile=0 showBar=0 showBarNTP=1
2026-08-21 03:26:28.608: [INFO] BookmarksSnapshot Shutdown total=0 bar=0 other=0 mobile=0 showBar=0 showBarNTP=1
2026-08-21 03:29:13.531: [INFO] CurrentProfilePath: C:\Edu\Java\JavaWork\.metadata\.plugins\org.eclipse.swt\EBWebView\Default
2026-08-21 03:29:13.531: [INFO] Profiles total count: 1
2026-08-21 03:29:13.532: [INFO] Profile: name=프로필 1 path=C:\Edu\Java\JavaWork\.metadata\.plugins\org.eclipse.swt\EBWebView\Default lastActive=2026-08-21T00:24:47.105Z
2026-08-21 03:29:13.532: [INFO] LastUsedProfileDir: C:\Edu\Java\JavaWork\.metadata\.plugins\org.eclipse.swt\EBWebView\Default
2026-08-21 03:29:13.532: [INFO] MostRecentlyActiveProfile: name=프로필 1 path=C:\Edu\Java\JavaWork\.metadata\.plugins\org.eclipse.swt\EBWebView\Default lastActive=2026-08-21T00:24:47.105Z
2026-08-21 03:29:13.532: [INFO] OnDoneLoading sync enabled: 0
2026-08-21 03:29:13.532: [INFO] BookmarkModelLoaded, ids_reassigned: 0
2026-08-21 03:29:13.532: [INFO] BookmarksLoadDropped droppedNodes=0
2026-08-21 03:29:13.532: [INFO] BookmarksSnapshot Startup total=0 bar=0 other=0 mobile=0 showBar=0 showBarNTP=1
2026-08-21 03:33:53.218: [INFO] BookmarksSnapshot Shutdown total=0 bar=0 other=0 mobile=0 showBar=0 showBarNTP=1
2026-08-21 03:35:18.368: [INFO] CurrentProfilePath: C:\Edu\Java\JavaWork\.metadata\.plugins\org.eclipse.swt\EBWebView\Default
2026-08-21 03:35:18.368: [INFO] Profiles total count: 1
2026-08-21 03:35:18.369: [INFO] Profile: name=프로필 1 path=C:\Edu\Java\JavaWork\.metadata\.plugins\org.eclipse.swt\EBWebView\Default lastActive=2026-08-21T00:24:47.105Z
2026-08-21 03:35:18.369: [INFO] LastUsedProfileDir: C:\Edu\Java\JavaWork\.metadata\.plugins\org.eclipse.swt\EBWebView\Default
2026-08-21 03:35:18.369: [INFO] MostRecentlyActiveProfile: name=프로필 1 path=C:\Edu\Java\JavaWork\.metadata\.plugins\org.eclipse.swt\EBWebView\Default lastActive=2026-08-21T00:24:47.105Z
2026-08-21 03:35:18.369: [INFO] OnDoneLoading sync enabled: 0
2026-08-21 03:35:18.369: [INFO] BookmarkModelLoaded, ids_reassigned: 0
2026-08-21 03:35:18.369: [INFO] BookmarksLoadDropped droppedNodes=0
2026-08-21 03:35:18.369: [INFO] BookmarksSnapshot Startup total=0 bar=0 other=0 mobile=0 showBar=0 showBarNTP=1
2026-08-21 05:18:04.787: [INFO] BookmarksSnapshot Shutdown total=0 bar=0 other=0 mobile=0 showBar=0 showBarNTP=1
2026-08-21 05:18:09.579: [INFO] CurrentProfilePath: C:\Edu\Java\JavaWork\.metadata\.plugins\org.eclipse.swt\EBWebView\Default
2026-08-21 05:18:09.579: [INFO] Profiles total count: 1
2026-08-21 05:18:09.580: [INFO] Profile: name=프로필 1 path=C:\Edu\Java\JavaWork\.metadata\.plugins\org.eclipse.swt\EBWebView\Default lastActive=2026-08-21T00:24:47.105Z
2026-08-21 05:18:09.580: [INFO] LastUsedProfileDir: C:\Edu\Java\JavaWork\.metadata\.plugins\org.eclipse.swt\EBWebView\Default
2026-08-21 05:18:09.580: [INFO] MostRecentlyActiveProfile: name=프로필 1 path=C:\Edu\Java\JavaWork\.metadata\.plugins\org.eclipse.swt\EBWebView\Default lastActive=2026-08-21T00:24:47.105Z
2026-08-21 05:18:09.580: [INFO] OnDoneLoading sync enabled: 0
2026-08-21 05:18:09.580: [INFO] BookmarkModelLoaded, ids_reassigned: 0
2026-08-21 05:18:09.580: [INFO] BookmarksLoadDropped droppedNodes=0
2026-08-21 05:18:09.580: [INFO] BookmarksSnapshot Startup total=0 bar=0 other=0 mobile=0 showBar=0 showBarNTP=1
2026-08-21 08:22:10.239: [INFO] BookmarksSnapshot Shutdown total=0 bar=0 other=0 mobile=0 showBar=0 showBarNTP=1
2026-08-21 08:24:45.001: [INFO] CurrentProfilePath: C:\Edu\Java\JavaWork\.metadata\.plugins\org.eclipse.swt\EBWebView\Default
2026-08-21 08:24:45.001: [INFO] Profiles total count: 1
2026-08-21 08:24:45.002: [INFO] Profile: name=프로필 1 path=C:\Edu\Java\JavaWork\.metadata\.plugins\org.eclipse.swt\EBWebView\Default lastActive=2026-08-21T00:24:47.105Z
2026-08-21 08:24:45.002: [INFO] LastUsedProfileDir: C:\Edu\Java\JavaWork\.metadata\.plugins\org.eclipse.swt\EBWebView\Default
2026-08-21 08:24:45.002: [INFO] MostRecentlyActiveProfile: name=프로필 1 path=C:\Edu\Java\JavaWork\.metadata\.plugins\org.eclipse.swt\EBWebView\Default lastActive=2026-08-21T00:24:47.105Z
2026-08-21 08:24:45.002: [INFO] OnDoneLoading sync enabled: 0
2026-08-21 08:24:45.002: [INFO] BookmarkModelLoaded, ids_reassigned: 0
2026-08-21 08:24:45.002: [INFO] BookmarksLoadDropped droppedNodes=0
2026-08-21 08:24:45.002: [INFO] BookmarksSnapshot Startup total=0 bar=0 other=0 mobile=0 showBar=0 showBarNTP=1
2026-08-24 00:07:54.195: [INFO] CurrentProfilePath: C:\Edu\Java\JavaWork\.metadata\.plugins\org.eclipse.swt\EBWebView\Default
2026-08-24 00:07:54.195: [INFO] Profiles total count: 1
2026-08-24 00:07:54.196: [INFO] Profile: name=프로필 1 path=C:\Edu\Java\JavaWork\.metadata\.plugins\org.eclipse.swt\EBWebView\Default lastActive=2026-08-21T08:24:48.932Z
2026-08-24 00:07:54.196: [INFO] LastUsedProfileDir: C:\Edu\Java\JavaWork\.metadata\.plugins\org.eclipse.swt\EBWebView\Default
2026-08-24 00:07:54.196: [INFO] MostRecentlyActiveProfile: name=프로필 1 path=C:\Edu\Java\JavaWork\.metadata\.plugins\org.eclipse.swt\EBWebView\Default lastActive=2026-08-21T08:24:48.932Z
2026-08-24 00:07:54.196: [INFO] OnDoneLoading sync enabled: 0
2026-08-24 00:07:54.196: [INFO] BookmarkModelLoaded, ids_reassigned: 0
2026-08-24 00:07:54.196: [INFO] BookmarksLoadDropped droppedNodes=0
2026-08-24 00:07:54.196: [INFO] BookmarksSnapshot Startup total=0 bar=0 other=0 mobile=0 showBar=0 showBarNTP=1
2026-08-24 08:50:29.313: [INFO] BookmarksSnapshot Shutdown total=0 bar=0 other=0 mobile=0 showBar=0 showBarNTP=1
2026-08-25 01:42:30.067: [INFO] CurrentProfilePath: C:\Edu\Java\JavaWork\.metadata\.plugins\org.eclipse.swt\EBWebView\Default
2026-08-25 01:42:30.067: [INFO] Profiles total count: 1
2026-08-25 01:42:30.068: [INFO] Profile: name=프로필 1 path=C:\Edu\Java\JavaWork\.metadata\.plugins\org.eclipse.swt\EBWebView\Default lastActive=2026-08-24T03:25:33.836Z
2026-08-25 01:42:30.068: [INFO] LastUsedProfileDir: C:\Edu\Java\JavaWork\.metadata\.plugins\org.eclipse.swt\EBWebView\Default
2026-08-25 01:42:30.068: [INFO] MostRecentlyActiveProfile: name=프로필 1 path=C:\Edu\Java\JavaWork\.metadata\.plugins\org.eclipse.swt\EBWebView\Default lastActive=2026-08-24T03:25:33.836Z
2026-08-25 01:42:30.068: [INFO] OnDoneLoading sync enabled: 0
2026-08-25 01:42:30.068: [INFO] BookmarkModelLoaded, ids_reassigned: 0
2026-08-25 01:42:30.068: [INFO] BookmarksLoadDropped droppedNodes=0
2026-08-25 01:42:30.068: [INFO] BookmarksSnapshot Startup total=0 bar=0 other=0 mobile=0 showBar=0 showBarNTP=1
2026-08-25 07:47:38.462: [INFO] BookmarksSnapshot Shutdown total=0 bar=0 other=0 mobile=0 showBar=0 showBarNTP=1
